2026-09-13T19:57:10.917+05:30  INFO 934 --- [contact-center-kb] [main] c.c.c.ContactCenterKbApplication         : Starting ContactCenterKbApplication using Java 26.0.1 with PID 934 (/Users/harsha/Documents/Contact Center Support/Back End/contact-center-kb/target/classes started by harsha in /Users/harsha/Documents/Contact Center Support/Back End/contact-center-kb)
2026-09-13T19:57:10.919+05:30  INFO 934 --- [contact-center-kb] [main] c.c.c.ContactCenterKbApplication         : No active profile set, falling back to 1 default profile: "default"
2026-09-13T19:57:11.151+05:30  INFO 934 --- [contact-center-kb] [main] .s.d.r.c.RepositoryConfigurationDelegate : Bootstrapping Spring Data JPA repositories in DEFAULT mode.
2026-09-13T19:57:11.171+05:30  INFO 934 --- [contact-center-kb] [main] .s.d.r.c.RepositoryConfigurationDelegate : Finished Spring Data repository scanning in 17 ms. Found 7 JPA repository interfaces.
2026-09-13T19:57:11.324+05:30  INFO 934 --- [contact-center-kb] [main] o.s.boot.tomcat.TomcatWebServer          : Tomcat initialized with port 8080 (http)
2026-09-13T19:57:11.330+05:30  INFO 934 --- [contact-center-kb] [main] o.apache.catalina.core.StandardService   : Starting service [Tomcat]
2026-09-13T19:57:11.330+05:30  INFO 934 --- [contact-center-kb] [main] o.apache.catalina.core.StandardEngine    : Starting Servlet engine: [Apache Tomcat/11.0.22]
2026-09-13T19:57:11.344+05:30  INFO 934 --- [contact-center-kb] [main] b.w.c.s.WebApplicationContextInitializer : Root WebApplicationContext: initialization completed in 410 ms
2026-09-13T19:57:11.410+05:30  INFO 934 --- [contact-center-kb] [main] org.hibernate.orm.jpa                    : HHH008540: Processing PersistenceUnitInfo [name: default]
2026-09-13T19:57:11.434+05:30  INFO 934 --- [contact-center-kb] [main] org.hibernate.orm.core                   : HHH000001: Hibernate ORM core version 7.4.1.Final
2026-09-13T19:57:11.571+05:30  INFO 934 --- [contact-center-kb] [main] o.s.o.j.p.SpringPersistenceUnitInfo      : No LoadTimeWeaver setup: ignoring JPA class transformer
2026-09-13T19:57:11.583+05:30  INFO 934 --- [contact-center-kb] [main] com.zaxxer.hikari.HikariDataSource       : HikariPool-1 - Starting...
2026-09-13T19:57:11.732+05:30  INFO 934 --- [contact-center-kb] [main] com.zaxxer.hikari.pool.HikariPool        : HikariPool-1 - Added connection com.mysql.cj.jdbc.ConnectionImpl@252d8df6
2026-09-13T19:57:11.733+05:30  INFO 934 --- [contact-center-kb] [main] com.zaxxer.hikari.HikariDataSource       : HikariPool-1 - Start completed.
2026-09-13T19:57:11.760+05:30  WARN 934 --- [contact-center-kb] [main] org.hibernate.orm.deprecation            : HHH90000025: MySQLDialect does not need to be specified explicitly using 'hibernate.dialect' (remove the property setting and it will be selected by default)
2026-09-13T19:57:11.766+05:30  INFO 934 --- [contact-center-kb] [main] org.hibernate.orm.connections.pooling    : HHH10001005: Database info:
	Database JDBC URL [jdbc:mysql://localhost:3306/contact_center_kb]
	Database driver: MySQL Connector/J
	Database dialect: MySQLDialect
	Database version: 9.6
	Default catalog/schema: contact_center_kb/undefined
	Autocommit mode: undefined/unknown
	Isolation level: REPEATABLE_READ [default REPEATABLE_READ]
	JDBC fetch size: none
	Pool: DataSourceConnectionProvider
	Minimum pool size: undefined/unknown
	Maximum pool size: undefined/unknown
2026-09-13T19:57:12.163+05:30  INFO 934 --- [contact-center-kb] [main] org.hibernate.orm.core                   : HHH000489: No JTA platform available (set 'hibernate.transaction.jta.platform' to enable JTA platform integration)
2026-09-13T19:57:12.199+05:30  INFO 934 --- [contact-center-kb] [main] j.LocalContainerEntityManagerFactoryBean : Initialized JPA EntityManagerFactory for persistence unit 'default'
2026-09-13T19:57:12.223+05:30  INFO 934 --- [contact-center-kb] [main] o.s.d.j.r.query.QueryEnhancerFactories   : Hibernate is in classpath; If applicable, HQL parser will be used.
2026-09-13T19:57:12.322+05:30  WARN 934 --- [contact-center-kb] [main] JpaBaseConfiguration$JpaWebConfiguration : spring.jpa.open-in-view is enabled by default. Therefore, database queries may be performed during view rendering. Explicitly configure spring.jpa.open-in-view to disable this warning
2026-09-13T19:57:12.344+05:30  WARN 934 --- [contact-center-kb] [main] .s.a.UserDetailsServiceAutoConfiguration : 

Using generated security password: cdd31578-44bc-4002-a0b9-115bad0b283e

This generated password is for development use only. Your security configuration must be updated before running your application in production.

2026-09-13T19:57:12.346+05:30  INFO 934 --- [contact-center-kb] [main] r$InitializeUserDetailsManagerConfigurer : Global AuthenticationManager configured with UserDetailsService bean with name inMemoryUserDetailsManager
2026-09-13T19:57:12.504+05:30  INFO 934 --- [contact-center-kb] [main] o.s.boot.tomcat.TomcatWebServer          : Tomcat started on port 8080 (http) with context path '/'
2026-09-13T19:57:12.507+05:30  INFO 934 --- [contact-center-kb] [main] c.c.c.ContactCenterKbApplication         : Started ContactCenterKbApplication in 1.754 seconds (process running for 1.94)
2026-09-13T19:57:20.410+05:30  INFO 934 --- [contact-center-kb] [http-nio-8080-exec-1] o.a.c.c.C.[Tomcat].[localhost].[/]       : Initializing Spring DispatcherServlet 'dispatcherServlet'
2026-09-13T19:57:20.410+05:30  INFO 934 --- [contact-center-kb] [http-nio-8080-exec-1] o.s.web.servlet.DispatcherServlet        : Initializing Servlet 'dispatcherServlet'
2026-09-13T19:57:20.411+05:30  INFO 934 --- [contact-center-kb] [http-nio-8080-exec-1] o.s.web.servlet.DispatcherServlet        : Completed initialization in 1 ms
